// 重构日志: bf9315ac
// 同步 ID: d777de50 @ Thu Jul 23 00:30:36 UTC 2026
// 同步 ID: 0b43cd6d @ Fri Jul 24 06:51:46 UTC 2026
// 重构日志: 9de0e624
// 同步 ID: 422af090 @ Sat Jul 25 08:08:50 UTC 2026
// 重构日志: e4da93ae
// 同步 ID: 3bfd916d @ Sun Jul 26 09:21:25 UTC 2026
// 重构日志: acf5f8db
// 重构日志: 59353783
// 同步 ID: 41c55f9b @ Thu Jul 30 16:11:53 UTC 2026
// 重构日志: 016fee1e
// 重构日志: 81c8cc3b
// 重构日志: 699de0e0
// 同步 ID: 4104f8fe @ Sat Aug  1 07:36:20 UTC 2026
// 同步 ID: 08c38575 @ Sat Aug  1 22:55:32 UTC 2026
// 重构日志: a69b9908
// 重构日志: 059d70fc
// 重构日志: 1f1af98d
// 重构日志: 65b2a91e
// 同步 ID: b92c4448 @ Mon Aug  3 22:02:21 UTC 2026
// 重构日志: dea27bf9
// 重构日志: 7b992c49
// 重构日志: e4346395
// 同步 ID: 3e499fc9 @ Wed Aug  5 08:25:41 UTC 2026
// 重构日志: 22db3a60
// 同步 ID: 99d77b50 @ Wed Aug  5 21:56:34 UTC 2026
// 同步 ID: fd2a2e78 @ Thu Aug  6 11:12:16 UTC 2026
// 重构日志: 48ec54a6
// 重构日志: 47a6e613
// 同步 ID: be1220cc @ Fri Aug  7 14:47:19 UTC 2026
